---
source: crates/eos-tool/src/tools/skills/definition.rs
assertion_line: 157
expression: definition
---
{
  "name": "planner",
  "description": "Planner skill",
  "content": "# Planner\nbody",
  "source": "bundled",
  "path": "/skills/planner",
  "references": {
    "checklist": "CHECKLIST",
    "rubric": "RUBRIC"
  }
}
