---
source: crates/eos-config/src/lib.rs
expression: rust
---
{
  "$schema": "http://json-schema.org/draft-07/schema#",
  "additionalProperties": false,
  "definitions": {
    "AttemptConfig": {
      "additionalProperties": false,
      "properties": {
        "max_concurrent_task_runs": {
          "type": "integer"
        }
      },
      "required": [
        "max_concurrent_task_runs"
      ],
      "type": "object"
    },
    "DatabaseConfig": {
      "additionalProperties": false,
      "properties": {
        "busy_timeout_ms": {
          "type": "integer"
        },
        "echo": {
          "type": "boolean"
        },
        "foreign_keys": {
          "type": "boolean"
        },
        "pool_size": {
          "type": "integer"
        },
        "url": {
          "type": "string"
        },
        "wal": {
          "type": "boolean"
        }
      },
      "required": [
        "busy_timeout_ms",
        "echo",
        "foreign_keys",
        "pool_size",
        "url",
        "wal"
      ],
      "type": "object"
    },
    "DockerConfig": {
      "additionalProperties": false,
      "properties": {
        "daemon_tcp": {
          "type": "boolean"
        },
        "default_snapshot": {
          "type": "string"
        },
        "no_privilege": {
          "type": "boolean"
        },
        "privileged": {
          "type": "boolean"
        }
      },
      "required": [
        "daemon_tcp",
        "default_snapshot",
        "no_privilege",
        "privileged"
      ],
      "type": "object"
    },
    "MinimaxConfig": {
      "additionalProperties": false,
      "properties": {
        "base_url": {
          "type": "string"
        },
        "model": {
          "type": "string"
        }
      },
      "required": [
        "base_url",
        "model"
      ],
      "type": "object"
    },
    "ProvidersConfig": {
      "additionalProperties": false,
      "properties": {
        "minimax": {
          "allOf": [
            {
              "$ref": "#/definitions/MinimaxConfig"
            }
          ]
        },
        "retry": {
          "allOf": [
            {
              "$ref": "#/definitions/RetryConfig"
            }
          ]
        }
      },
      "required": [
        "minimax",
        "retry"
      ],
      "type": "object"
    },
    "RetryConfig": {
      "additionalProperties": false,
      "properties": {
        "base_delay_s": {
          "format": "double",
          "type": "number"
        },
        "max_delay_s": {
          "format": "double",
          "type": "number"
        },
        "max_retries": {
          "type": "integer"
        },
        "status_codes": {
          "items": {
            "type": "integer"
          },
          "type": "array",
          "uniqueItems": true
        }
      },
      "required": [
        "base_delay_s",
        "max_delay_s",
        "max_retries",
        "status_codes"
      ],
      "type": "object"
    },
    "SandboxConfig": {
      "additionalProperties": false,
      "properties": {
        "default_provider": {
          "allOf": [
            {
              "$ref": "#/definitions/SandboxProvider"
            }
          ]
        },
        "docker": {
          "allOf": [
            {
              "$ref": "#/definitions/DockerConfig"
            }
          ]
        },
        "runtime_client_timeout_s": {
          "format": "double",
          "type": "number"
        },
        "timeout_s": {
          "format": "double",
          "type": "number"
        }
      },
      "required": [
        "default_provider",
        "docker",
        "runtime_client_timeout_s",
        "timeout_s"
      ],
      "type": "object"
    },
    "SandboxProvider": {
      "oneOf": [
        {
          "enum": [
            "docker"
          ],
          "type": "string"
        }
      ]
    }
  },
  "properties": {
    "attempt": {
      "allOf": [
        {
          "$ref": "#/definitions/AttemptConfig"
        }
      ]
    },
    "database": {
      "allOf": [
        {
          "$ref": "#/definitions/DatabaseConfig"
        }
      ]
    },
    "providers": {
      "allOf": [
        {
          "$ref": "#/definitions/ProvidersConfig"
        }
      ]
    },
    "sandbox": {
      "allOf": [
        {
          "$ref": "#/definitions/SandboxConfig"
        }
      ]
    }
  },
  "required": [
    "attempt",
    "database",
    "providers",
    "sandbox"
  ],
  "title": "CentralConfig",
  "type": "object"
}
